{
  "version": "1.5.0",
  "plugins_used": [
    {
      "name": "ArtifactoryDetector"
    },
    {
      "name": "AWSKeyDetector"
    },
    {
      "name": "AzureStorageKeyDetector"
    },
    {
      "name": "Base64HighEntropyString",
      "limit": 4.5
    },
    {
      "name": "BasicAuthDetector"
    },
    {
      "name": "CloudantDetector"
    },
    {
      "name": "DiscordBotTokenDetector"
    },
    {
      "name": "GitHubTokenDetector"
    },
    {
      "name": "GitLabTokenDetector"
    },
    {
      "name": "HexHighEntropyString",
      "limit": 3.0
    },
    {
      "name": "IbmCloudIamDetector"
    },
    {
      "name": "IbmCosHmacDetector"
    },
    {
      "name": "IPPublicDetector"
    },
    {
      "name": "JwtTokenDetector"
    },
    {
      "name": "KeywordDetector",
      "keyword_exclude": ""
    },
    {
      "name": "MailchimpDetector"
    },
    {
      "name": "NpmDetector"
    },
    {
      "name": "OpenAIDetector"
    },
    {
      "name": "PrivateKeyDetector"
    },
    {
      "name": "PypiTokenDetector"
    },
    {
      "name": "SendGridDetector"
    },
    {
      "name": "SlackDetector"
    },
    {
      "name": "SoftlayerDetector"
    },
    {
      "name": "SquareOAuthDetector"
    },
    {
      "name": "StripeDetector"
    },
    {
      "name": "TelegramBotTokenDetector"
    },
    {
      "name": "TwilioKeyDetector"
    }
  ],
  "filters_used": [
    {
      "path": "detect_secrets.filters.allowlist.is_line_allowlisted"
    },
    {
      "path": "detect_secrets.filters.common.is_ignored_due_to_verification_policies",
      "min_level": 2
    },
    {
      "path": "detect_secrets.filters.heuristic.is_indirect_reference"
    },
    {
      "path": "detect_secrets.filters.heuristic.is_likely_id_string"
    },
    {
      "path": "detect_secrets.filters.heuristic.is_lock_file"
    },
    {
      "path": "detect_secrets.filters.heuristic.is_not_alphanumeric_string"
    },
    {
      "path": "detect_secrets.filters.heuristic.is_potential_uuid"
    },
    {
      "path": "detect_secrets.filters.heuristic.is_prefixed_with_dollar_sign"
    },
    {
      "path": "detect_secrets.filters.heuristic.is_sequential_string"
    },
    {
      "path": "detect_secrets.filters.heuristic.is_swagger_file"
    },
    {
      "path": "detect_secrets.filters.heuristic.is_templated_secret"
    }
  ],
  "results": {
    "Structured Content AI testing/.obsidian/plugins/arc-notes/data.json": [
      {
        "type": "Base64 High Entropy String",
        "filename": "Structured Content AI testing/.obsidian/plugins/arc-notes/data.json",
        "hashed_secret": "7a3f4a7836e4bf2d9ee1b66a955683612a22ceec",
        "is_verified": false,
        "line_number": 5
      },
      {
        "type": "Secret Keyword",
        "filename": "Structured Content AI testing/.obsidian/plugins/arc-notes/data.json",
        "hashed_secret": "7a3f4a7836e4bf2d9ee1b66a955683612a22ceec",
        "is_verified": false,
        "line_number": 5
      },
      {
        "type": "Secret Keyword",
        "filename": "Structured Content AI testing/.obsidian/plugins/arc-notes/data.json",
        "hashed_secret": "04b1d640f1989b149dd58bd29476581e9a3a437f",
        "is_verified": false,
        "line_number": 9
      }
    ],
    "Structured Content AI testing/.obsidian/workspace.json": [
      {
        "type": "Hex High Entropy String",
        "filename": "Structured Content AI testing/.obsidian/workspace.json",
        "hashed_secret": "d460ae64ff2b4ef2f15f7e5649241f86c9048c24",
        "is_verified": false,
        "line_number": 3
      },
      {
        "type": "Hex High Entropy String",
        "filename": "Structured Content AI testing/.obsidian/workspace.json",
        "hashed_secret": "bd1d246b7a5aade8db3aedf4428ccde2485115b4",
        "is_verified": false,
        "line_number": 7
      },
      {
        "type": "Hex High Entropy String",
        "filename": "Structured Content AI testing/.obsidian/workspace.json",
        "hashed_secret": "41e6522f99962ad0eae3f9736a415c4cc48bb636",
        "is_verified": false,
        "line_number": 11
      },
      {
        "type": "Hex High Entropy String",
        "filename": "Structured Content AI testing/.obsidian/workspace.json",
        "hashed_secret": "278a9b63855477671f8d8798a4e3c733718a4423",
        "is_verified": false,
        "line_number": 30
      },
      {
        "type": "Hex High Entropy String",
        "filename": "Structured Content AI testing/.obsidian/workspace.json",
        "hashed_secret": "be7ddf2c138b32b44629c7464dbaf2fce4642d1e",
        "is_verified": false,
        "line_number": 34
      },
      {
        "type": "Hex High Entropy String",
        "filename": "Structured Content AI testing/.obsidian/workspace.json",
        "hashed_secret": "98ef8c09d31d49855677d69086be995f4f1bbede",
        "is_verified": false,
        "line_number": 38
      },
      {
        "type": "Hex High Entropy String",
        "filename": "Structured Content AI testing/.obsidian/workspace.json",
        "hashed_secret": "d12953e8123e6fb48b6a07d29e2ae5b1dff3a217",
        "is_verified": false,
        "line_number": 51
      },
      {
        "type": "Hex High Entropy String",
        "filename": "Structured Content AI testing/.obsidian/workspace.json",
        "hashed_secret": "21c6709f818fe5db91b8aa64fa56beff52d0a9a4",
        "is_verified": false,
        "line_number": 68
      },
      {
        "type": "Hex High Entropy String",
        "filename": "Structured Content AI testing/.obsidian/workspace.json",
        "hashed_secret": "c2be230b72f510d2d2ce5dfbd2b1552a98811621",
        "is_verified": false,
        "line_number": 84
      },
      {
        "type": "Hex High Entropy String",
        "filename": "Structured Content AI testing/.obsidian/workspace.json",
        "hashed_secret": "f8a3ff625474a596cc7dd5a652da1270f60d0630",
        "is_verified": false,
        "line_number": 88
      },
      {
        "type": "Hex High Entropy String",
        "filename": "Structured Content AI testing/.obsidian/workspace.json",
        "hashed_secret": "8a6f697215114e4e259cc032e0a667c01aacf2b7",
        "is_verified": false,
        "line_number": 92
      },
      {
        "type": "Hex High Entropy String",
        "filename": "Structured Content AI testing/.obsidian/workspace.json",
        "hashed_secret": "60cf72590b10b7175abfb4eebcf4b9b4a63c0687",
        "is_verified": false,
        "line_number": 111
      },
      {
        "type": "Hex High Entropy String",
        "filename": "Structured Content AI testing/.obsidian/workspace.json",
        "hashed_secret": "cc44314dde01869753b2fe22e6a3e4efa5aeaad2",
        "is_verified": false,
        "line_number": 125
      },
      {
        "type": "Hex High Entropy String",
        "filename": "Structured Content AI testing/.obsidian/workspace.json",
        "hashed_secret": "26e59c8a3572ec30afca4645c04df61bdbb862dd",
        "is_verified": false,
        "line_number": 154
      },
      {
        "type": "Hex High Entropy String",
        "filename": "Structured Content AI testing/.obsidian/workspace.json",
        "hashed_secret": "e09f938bab03df733a4b7761d399aa06c1c0a44b",
        "is_verified": false,
        "line_number": 169
      }
    ]
  },
  "generated_at": "2026-03-17T02:04:10Z"
}
